============================= test session starts ==============================
platform darwin -- Python 3.14.2, pytest-9.0.2, pluggy-1.6.0 -- /Volumes/OCTAVE/octave/worktrees/octave-build/.venv/bin/python3.14
cachedir: .pytest_cache
hypothesis profile 'default'
rootdir: /Volumes/OCTAVE/octave/worktrees/octave-build
configfile: pyproject.toml
plugins: anyio-4.12.0, hypothesis-6.148.7, cov-7.0.0
collecting ... collected 81 items

tests/unit/test_builtin_schemas.py::TestBuiltinSchemas::test_loads_meta_schema
